initModes T ffffffff80010000 4c
__text_start T ffffffff80010000 
initLanguageMenu T ffffffff8001004c 60
maybeInitLanguageMenu T ffffffff800100ac 34
initOptionsMenu T ffffffff800100e0 cc
initTestMenu T ffffffff800101ac 9c
initMainMenu T ffffffff80010248 8c
setLanguage T ffffffff800102d4 58
maybeInitMainMenu T ffffffff8001032c 34
maybeInitOptionsMenu T ffffffff80010360 58
maybeInitTestMenu T ffffffff800103b8 58
initCharactersMenu T ffffffff80010410 100
setPlayerFrame T ffffffff80010510 1b8
swapBuffers T ffffffff800106c8 d8
loadFont T ffffffff800107a0 108
initDisplay T ffffffff800108a8 130
initControllers T ffffffff800109d8 50
drawPlayer T ffffffff80010a28 41c
draw3DTest T ffffffff80010e44 2d0
resetGameState T ffffffff80011114 fc
maybeSetPlayerAmount T ffffffff80011210 90
setCharacter T ffffffff800112a0 6c
debounceInputs T ffffffff8001130c 348
getResultScreenInput T ffffffff80011654 fc
getMenuInput T ffffffff80011750 178
getGameInput T ffffffff800118c8 38c
simulateInput T ffffffff80011c54 288
drawHealth T ffffffff80011edc 190
drawGround T ffffffff8001206c 12c
handleHits T ffffffff80012198 284
drawText T ffffffff8001241c 3b8
drawMenu T ffffffff800127d4 12c
main T ffffffff80012900 428
GetTimInfo T ffffffff80012d28 9c	/home/lars/src/psn00bsdk/psn00bsdk/libpsn00b/psxgpu/gettimimage.c:4
SetDefDrawEnv T ffffffff80012dc4 38	/home/lars/src/psn00bsdk/psn00bsdk/libpsn00b/psxgpu/setdefdrawenv.c:4
SetDefDispEnv T ffffffff80012dfc 34	/home/lars/src/psn00bsdk/psn00bsdk/libpsn00b/psxgpu/setdefdispenv.c:4
DrawSync T ffffffff80012e30 	/home/lars/src/psn00bsdk/psn00bsdk/libpsn00b/psxgpu/drawsync.s:12
SetDispMask T ffffffff80012ecc 	/home/lars/src/psn00bsdk/psn00bsdk/libpsn00b/psxgpu/setdispmask.s:11
ResetGraph T ffffffff80012eec 	/home/lars/src/psn00bsdk/psn00bsdk/libpsn00b/psxgpu/resetgraph.s:12
VSync T ffffffff8001306c 	/home/lars/src/psn00bsdk/psn00bsdk/libpsn00b/psxgpu/resetgraph.s:138
_vsync_sub t ffffffff80013174 	/home/lars/src/psn00bsdk/psn00bsdk/libpsn00b/psxgpu/resetgraph.s:233
_vsync_irq_callback t ffffffff80013208 	/home/lars/src/psn00bsdk/psn00bsdk/libpsn00b/psxgpu/resetgraph.s:287
PutDrawEnv T ffffffff80013260 	/home/lars/src/psn00bsdk/psn00bsdk/libpsn00b/psxgpu/putdrawenv.s:31
ReadGPUstat T ffffffff800133d4 	/home/lars/src/psn00bsdk/psn00bsdk/libpsn00b/psxgpu/readgpustat.s:11
DrawOTag T ffffffff800133e4 	/home/lars/src/psn00bsdk/psn00bsdk/libpsn00b/psxgpu/drawotag.s:11
PutDispEnv T ffffffff80013438 	/home/lars/src/psn00bsdk/psn00bsdk/libpsn00b/psxgpu/putdispenv.s:24
ClearOTagR T ffffffff80013610 	/home/lars/src/psn00bsdk/psn00bsdk/libpsn00b/psxgpu/clearotagr.s:11
LoadImage T ffffffff8001363c 	/home/lars/src/psn00bsdk/psn00bsdk/libpsn00b/psxgpu/loadimage.s:16
RotMatrix T ffffffff800136e0 13c	/home/lars/src/psn00bsdk/psn00bsdk/libpsn00b/psxgte/matrix.c:3
TransMatrix T ffffffff8001381c 20	/home/lars/src/psn00bsdk/psn00bsdk/libpsn00b/psxgte/matrix.c:37
ScaleMatrixL T ffffffff8001383c 	/home/lars/src/psn00bsdk/psn00bsdk/libpsn00b/psxgte/scalematrixl.s:13
InitGeom T ffffffff80013904 	/home/lars/src/psn00bsdk/psn00bsdk/libpsn00b/psxgte/initgeom.s:11
MulMatrix0 T ffffffff8001396c 	/home/lars/src/psn00bsdk/psn00bsdk/libpsn00b/psxgte/mulmatrix0.s:14
PushMatrix T ffffffff80013a44 	/home/lars/src/psn00bsdk/psn00bsdk/libpsn00b/psxgte/pushpopmatrix.s:12
PopMatrix T ffffffff80013a90 	/home/lars/src/psn00bsdk/psn00bsdk/libpsn00b/psxgte/pushpopmatrix.s:34
CompMatrixLV T ffffffff80013ae0 	/home/lars/src/psn00bsdk/psn00bsdk/libpsn00b/psxgte/compmatrixlv.s:21
isin T ffffffff80013c00 64	/home/lars/src/psn00bsdk/psn00bsdk/libpsn00b/psxgte/isin.c:11
icos T ffffffff80013c64 64	/home/lars/src/psn00bsdk/psn00bsdk/libpsn00b/psxgte/isin.c:30
_global_isr t ffffffff80013cc8 	/home/lars/src/psn00bsdk/psn00bsdk/libpsn00b/psxetc/isr.s:22
RestartCallback T ffffffff80013d44 	/home/lars/src/psn00bsdk/psn00bsdk/libpsn00b/psxetc/restartcallback.s:11
InterruptCallback T ffffffff80013dd8 	/home/lars/src/psn00bsdk/psn00bsdk/libpsn00b/psxetc/interruptcallback.s:14
puts T ffffffff80013e34 	/home/lars/src/psn00bsdk/psn00bsdk/libpsn00b/psxapi/stdio/puts.s:7
printf T ffffffff80013e40 	/home/lars/src/psn00bsdk/psn00bsdk/libpsn00b/psxapi/stdio/printf.s:7
_96_remove T ffffffff80013e4c 	/home/lars/src/psn00bsdk/psn00bsdk/libpsn00b/psxapi/fs/_96_remove.s:7
ChangeClearPAD T ffffffff80013e58 	/home/lars/src/psn00bsdk/psn00bsdk/libpsn00b/psxapi/sys/changeclearpad.s:7
SetCustomExitFromException T ffffffff80013e64 	/home/lars/src/psn00bsdk/psn00bsdk/libpsn00b/psxapi/sys/setcustomexitfromexception.s:7
InitPAD T ffffffff80013e70 	/home/lars/src/psn00bsdk/psn00bsdk/libpsn00b/psxapi/sys/initpad.s:7
ExitCriticalSection T ffffffff80013e7c 	/home/lars/src/psn00bsdk/psn00bsdk/libpsn00b/psxapi/sys/exitcriticalsection.s:7
ChangeClearRCnt T ffffffff80013e8c 	/home/lars/src/psn00bsdk/psn00bsdk/libpsn00b/psxapi/sys/changeclearrcnt.s:7
EnterCriticalSection T ffffffff80013e98 	/home/lars/src/psn00bsdk/psn00bsdk/libpsn00b/psxapi/sys/entercriticalsection.s:7
ReturnFromException T ffffffff80013ea8 	/home/lars/src/psn00bsdk/psn00bsdk/libpsn00b/psxapi/sys/returnfromexception.s:7
StartPAD T ffffffff80013eb4 	/home/lars/src/psn00bsdk/psn00bsdk/libpsn00b/psxapi/sys/startpad.s:7
_start T ffffffff80013ec0 220	/home/lars/src/psn00bsdk/psn00bsdk/libpsn00b/libc/start.c:74
GetBSSend T ffffffff800140e0 	/home/lars/src/psn00bsdk/psn00bsdk/libpsn00b/libc/malloc.s:23
InitHeap W ffffffff800140f0 	/home/lars/src/psn00bsdk/psn00bsdk/libpsn00b/libc/malloc.s:36
SetHeapSize W ffffffff80014118 	/home/lars/src/psn00bsdk/psn00bsdk/libpsn00b/libc/malloc.s:53
malloc W ffffffff8001412c 	/home/lars/src/psn00bsdk/psn00bsdk/libpsn00b/libc/malloc.s:66
calloc W ffffffff80014250 	/home/lars/src/psn00bsdk/psn00bsdk/libpsn00b/libc/malloc.s:182
free W ffffffff8001428c 	/home/lars/src/psn00bsdk/psn00bsdk/libpsn00b/libc/malloc.s:213
memset T ffffffff800142c4 	/home/lars/src/psn00bsdk/psn00bsdk/libpsn00b/libc/memset.s:16
strncpy T ffffffff800142e4 4c	/home/lars/src/psn00bsdk/psn00bsdk/libpsn00b/libc/string.c:36
strstr T ffffffff80014330 fc	/home/lars/src/psn00bsdk/psn00bsdk/libpsn00b/libc/string.c:121
strtok T ffffffff8001442c 114	/home/lars/src/psn00bsdk/psn00bsdk/libpsn00b/libc/string.c:311
memcmp T ffffffff80014540 	/home/lars/src/psn00bsdk/psn00bsdk/libpsn00b/libc/memcmp.s:16
__CTOR_LIST__ D ffffffff800146f0 
__CTOR_END__ D ffffffff800146f8 
__DTOR_LIST__ D ffffffff80014700 
cube_indices D ffffffff80014708 120
__DTOR_END__ D ffffffff80014708 
cube_positions D ffffffff80014828 c0
cube_colours D ffffffff800148e8 36
numRows D ffffffff80014920 a
numSizs D ffffffff8001492c a
textSizs D ffffffff80014938 1c
textRows D ffffffff80014954 1c
textCols D ffffffff80014970 1c
gullerod_tri_counts D ffffffff8001498c 20
gullerod_vert_counts D ffffffff800149ac 20
gullerod_colrefs D ffffffff800149cc 20
gullerod_trirefs D ffffffff800149ec 20
gullerod_frames_y D ffffffff80014a0c 20
gullerod_frames_x D ffffffff80014a2c 20
gullerod_colrefs_nede_0 D ffffffff80014a4c 72
gullerod_trirefs_nede_0 D ffffffff80014ac0 126
gullerod_verts_y_nede_0 D ffffffff80014be8 72
gullerod_verts_x_nede_0 D ffffffff80014c5c 72
gullerod_colrefs_block_0 D ffffffff80014cd0 72
gullerod_trirefs_block_0 D ffffffff80014d44 126
gullerod_verts_y_block_0 D ffffffff80014e6c 72
gullerod_verts_x_block_0 D ffffffff80014ee0 72
gullerod_colrefs_slag_3 D ffffffff80014f54 72
gullerod_trirefs_slag_3 D ffffffff80014fc8 126
gullerod_verts_y_slag_3 D ffffffff800150f0 72
gullerod_verts_x_slag_3 D ffffffff80015164 72
gullerod_colrefs_slag_2 D ffffffff800151d8 72
gullerod_trirefs_slag_2 D ffffffff8001524c 126
gullerod_verts_y_slag_2 D ffffffff80015374 72
gullerod_verts_x_slag_2 D ffffffff800153e8 72
gullerod_colrefs_slag_1 D ffffffff8001545c 72
gullerod_trirefs_slag_1 D ffffffff800154d0 126
gullerod_verts_y_slag_1 D ffffffff800155f8 72
gullerod_verts_x_slag_1 D ffffffff8001566c 72
gullerod_colrefs_slag_0 D ffffffff800156e0 72
gullerod_trirefs_slag_0 D ffffffff80015754 126
gullerod_verts_y_slag_0 D ffffffff8001587c 72
gullerod_verts_x_slag_0 D ffffffff800158f0 72
gullerod_colrefs_stille_0 D ffffffff80015964 72
gullerod_trirefs_stille_0 D ffffffff800159d8 126
gullerod_verts_y_stille_0 D ffffffff80015b00 72
gullerod_verts_x_stille_0 D ffffffff80015b74 72
nisse_tri_counts D ffffffff80015be8 20
nisse_vert_counts D ffffffff80015c08 20
nisse_colrefs D ffffffff80015c28 20
nisse_trirefs D ffffffff80015c48 20
nisse_frames_y D ffffffff80015c68 20
nisse_frames_x D ffffffff80015c88 20
nisse_colrefs_nede_0 D ffffffff80015ca8 ff
nisse_trirefs_nede_0 D ffffffff80015da8 2a3
nisse_verts_y_nede_0 D ffffffff8001604c ff
nisse_verts_x_nede_0 D ffffffff8001614c ff
nisse_colrefs_block_0 D ffffffff8001624c f9
nisse_trirefs_block_0 D ffffffff80016348 2eb
nisse_verts_y_block_0 D ffffffff80016634 f9
nisse_verts_x_block_0 D ffffffff80016730 f9
nisse_colrefs_slag_3 D ffffffff8001682c fd
nisse_trirefs_slag_3 D ffffffff8001692c 2f1
nisse_verts_y_slag_3 D ffffffff80016c20 fd
nisse_verts_x_slag_3 D ffffffff80016d20 fd
nisse_colrefs_slag_2 D ffffffff80016e20 fd
nisse_trirefs_slag_2 D ffffffff80016f20 2f1
nisse_verts_y_slag_2 D ffffffff80017214 fd
nisse_verts_x_slag_2 D ffffffff80017314 fd
nisse_colrefs_slag_1 D ffffffff80017414 fd
nisse_trirefs_slag_1 D ffffffff80017514 2f1
nisse_verts_y_slag_1 D ffffffff80017808 fd
nisse_verts_x_slag_1 D ffffffff80017908 fd
nisse_colrefs_slag_0 D ffffffff80017a08 fd
nisse_trirefs_slag_0 D ffffffff80017b08 2f1
nisse_verts_y_slag_0 D ffffffff80017dfc fd
nisse_verts_x_slag_0 D ffffffff80017efc fd
nisse_colrefs_stille_0 D ffffffff80017ffc fd
nisse_trirefs_stille_0 D ffffffff800180fc 2f1
nisse_verts_y_stille_0 D ffffffff800183f0 fd
nisse_verts_x_stille_0 D ffffffff800184f0 fd
nisse_2_blue D ffffffff800185f0 d
nisse_2_green D ffffffff80018600 d
nisse_2_red D ffffffff80018610 d
nisse_blue D ffffffff80018620 d
nisse_green D ffffffff80018630 d
nisse_red D ffffffff80018640 d
player_red_red D ffffffff80018650 d
pseudoRandomState D ffffffff80018660 1c
world_position D ffffffff8001867c c
model_position_in_world D ffffffff80018688 c
font_texture_tim_data D ffffffff80018694 
translation_contents D ffffffff8001fed4 
_vsync_rcnt d ffffffff800201ec 
_vsync_lasthblank d ffffffff800201f0 
vsynctimeout_msg d ffffffff800201f4 
resetgraph_msg d ffffffff80020204 
enableint_msg d ffffffff80020222 
cbhooks_msg d ffffffff80020242 
abouttoen_msg d ffffffff80020267 
sr_msg d ffffffff8002028d 
psxgpu_credits D ffffffff8002029f 
_matrix_stack d ffffffff800202ec 
_irq_func_table D ffffffff8002030c 
_custom_exit D ffffffff8002033c 
gullerod_tri_count_stille_0 D ffffffff8002036c 4
gullerod_vert_count_stille_0 D ffffffff80020370 4
gullerod_2_blue D ffffffff80020374 7
gullerod_2_green D ffffffff8002037c 7
gullerod_2_red D ffffffff80020384 7
gullerod_blue D ffffffff8002038c 7
gullerod_green D ffffffff80020394 7
gullerod_red D ffffffff8002039c 7
nisse_tri_count_stille_0 D ffffffff800203a4 4
nisse_vert_count_stille_0 D ffffffff800203a8 4
show_text D ffffffff800203ac 4
current_language D ffffffff800203b0 4
player_scale_y D ffffffff800203b4 4
player_scale_x D ffffffff800203b8 4
amount_of_players D ffffffff800203bc 4
__bss_start D ffffffff800203c0 
triangle_was_pressed B ffffffff800203c0 1
square_was_pressed B ffffffff800203c1 1
circle_was_pressed B ffffffff800203c2 1
cross_was_pressed B ffffffff800203c3 1
right_was_pressed B ffffffff800203c4 1
left_was_pressed B ffffffff800203c5 1
up_was_pressed B ffffffff800203c6 1
down_was_pressed B ffffffff800203c7 1
start_was_pressed B ffffffff800203c8 1
select_was_pressed B ffffffff800203c9 1
previous_menu_selection B ffffffff800203cc 4
current_menu_selection B ffffffff800203d0 4
current_menu_options B ffffffff800203d4 4
won_last_fight B ffffffff800203d8 1
last_winner B ffffffff800203d9 1
unlocked_characters B ffffffff800203dc 4
current_screen_time B ffffffff800203e0 4
next_prim B ffffffff800203e4 4
button_filter B ffffffff800203e8 2
current_frame B ffffffff800203ec 4
currentBuffer B ffffffff800203f0 4
game_mode B ffffffff800203f4 4
pseudoRandomStep B ffffffff800203f8 2
world_rotation B ffffffff800203fc 8
model_rotation B ffffffff80020404 8
_gpu_current_field B ffffffff8002040c 4
_hooks_installed B ffffffff80020410 4
_vsync_cb_func B ffffffff80020414 4
_gpu_standard B ffffffff80020418 4
_malloc_addr B ffffffff8002041c 4
_malloc_size B ffffffff80020420 4
player_red_blue B ffffffff80020430 d
player_red_green B ffffffff80020440 d
menu_exit_fun B ffffffff80020450 10
menu_texts B ffffffff80020460 10
font_texture B ffffffff80020470 14
controller_buffers B ffffffff80020484 44
player_2 B ffffffff800204c8 48
player_1 B ffffffff80020510 48
primBuff B ffffffff80020558 10000
_gp d ffffffff80028360 
orderingTables B ffffffff80030558 40000
drawenvs B ffffffff80070558 b8
dispenvs B ffffffff80070610 28
exit_from_mode B ffffffff80070638 30
scale_matrix B ffffffff80070668 20
test_matrix B ffffffff80070688 20
_arg_string_buffer b ffffffff800706a8 84
_argv_buffer b ffffffff8007072c 40
__argv B ffffffff8007076c 4
__argc B ffffffff80070770 4
_strtok_endpos b ffffffff80070774 4
_strtok_curpos b ffffffff80070778 4
_isr_stack B ffffffff80070780 1004
_end B ffffffff80071784 
