initModes T ffffffff80010000 4c
__text_start T ffffffff80010000 
initLanguageMenu T ffffffff8001004c 60
maybeInitLanguageMenu T ffffffff800100ac 34
initOptionsMenu T ffffffff800100e0 cc
initTestMenu T ffffffff800101ac 9c
initMainMenu T ffffffff80010248 8c
setLanguage T ffffffff800102d4 58
maybeInitMainMenu T ffffffff8001032c 34
maybeInitOptionsMenu T ffffffff80010360 58
maybeInitTestMenu T ffffffff800103b8 58
initCharactersMenu T ffffffff80010410 100
setPlayerFrame T ffffffff80010510 1b8
swapBuffers T ffffffff800106c8 d8
loadFont T ffffffff800107a0 108
initDisplay T ffffffff800108a8 144
initControllers T ffffffff800109ec 50
drawPlayer T ffffffff80010a3c 41c
draw3DTest T ffffffff80010e58 2d0
resetGameState T ffffffff80011128 fc
maybeSetPlayerAmount T ffffffff80011224 90
setCharacter T ffffffff800112b4 6c
debounceInputs T ffffffff80011320 348
getResultScreenInput T ffffffff80011668 fc
getMenuInput T ffffffff80011764 178
getGameInput T ffffffff800118dc 38c
simulateInput T ffffffff80011c68 288
drawHealth T ffffffff80011ef0 190
drawGround T ffffffff80012080 12c
handleHits T ffffffff800121ac 28c
drawText T ffffffff80012438 3b8
drawMenu T ffffffff800127f0 12c
main T ffffffff8001291c 428
GetTimInfo T ffffffff80012d44 9c	/home/lars/src/psn00bsdk/psn00bsdk/libpsn00b/psxgpu/gettimimage.c:4
SetDefDrawEnv T ffffffff80012de0 38	/home/lars/src/psn00bsdk/psn00bsdk/libpsn00b/psxgpu/setdefdrawenv.c:4
SetDefDispEnv T ffffffff80012e18 34	/home/lars/src/psn00bsdk/psn00bsdk/libpsn00b/psxgpu/setdefdispenv.c:4
DrawSync T ffffffff80012e4c 	/home/lars/src/psn00bsdk/psn00bsdk/libpsn00b/psxgpu/drawsync.s:12
SetDispMask T ffffffff80012ee8 	/home/lars/src/psn00bsdk/psn00bsdk/libpsn00b/psxgpu/setdispmask.s:11
ResetGraph T ffffffff80012f08 	/home/lars/src/psn00bsdk/psn00bsdk/libpsn00b/psxgpu/resetgraph.s:12
VSync T ffffffff80013088 	/home/lars/src/psn00bsdk/psn00bsdk/libpsn00b/psxgpu/resetgraph.s:138
_vsync_sub t ffffffff80013190 	/home/lars/src/psn00bsdk/psn00bsdk/libpsn00b/psxgpu/resetgraph.s:233
_vsync_irq_callback t ffffffff80013224 	/home/lars/src/psn00bsdk/psn00bsdk/libpsn00b/psxgpu/resetgraph.s:287
PutDrawEnv T ffffffff8001327c 	/home/lars/src/psn00bsdk/psn00bsdk/libpsn00b/psxgpu/putdrawenv.s:31
ReadGPUstat T ffffffff800133f0 	/home/lars/src/psn00bsdk/psn00bsdk/libpsn00b/psxgpu/readgpustat.s:11
DrawOTag T ffffffff80013400 	/home/lars/src/psn00bsdk/psn00bsdk/libpsn00b/psxgpu/drawotag.s:11
PutDispEnv T ffffffff80013454 	/home/lars/src/psn00bsdk/psn00bsdk/libpsn00b/psxgpu/putdispenv.s:24
ClearOTagR T ffffffff8001362c 	/home/lars/src/psn00bsdk/psn00bsdk/libpsn00b/psxgpu/clearotagr.s:11
LoadImage T ffffffff80013658 	/home/lars/src/psn00bsdk/psn00bsdk/libpsn00b/psxgpu/loadimage.s:16
RotMatrix T ffffffff800136fc 13c	/home/lars/src/psn00bsdk/psn00bsdk/libpsn00b/psxgte/matrix.c:3
TransMatrix T ffffffff80013838 20	/home/lars/src/psn00bsdk/psn00bsdk/libpsn00b/psxgte/matrix.c:37
ScaleMatrixL T ffffffff80013858 	/home/lars/src/psn00bsdk/psn00bsdk/libpsn00b/psxgte/scalematrixl.s:13
InitGeom T ffffffff80013920 	/home/lars/src/psn00bsdk/psn00bsdk/libpsn00b/psxgte/initgeom.s:11
MulMatrix0 T ffffffff80013988 	/home/lars/src/psn00bsdk/psn00bsdk/libpsn00b/psxgte/mulmatrix0.s:14
PushMatrix T ffffffff80013a60 	/home/lars/src/psn00bsdk/psn00bsdk/libpsn00b/psxgte/pushpopmatrix.s:12
PopMatrix T ffffffff80013aac 	/home/lars/src/psn00bsdk/psn00bsdk/libpsn00b/psxgte/pushpopmatrix.s:34
CompMatrixLV T ffffffff80013afc 	/home/lars/src/psn00bsdk/psn00bsdk/libpsn00b/psxgte/compmatrixlv.s:21
isin T ffffffff80013c1c 64	/home/lars/src/psn00bsdk/psn00bsdk/libpsn00b/psxgte/isin.c:11
icos T ffffffff80013c80 64	/home/lars/src/psn00bsdk/psn00bsdk/libpsn00b/psxgte/isin.c:30
_global_isr t ffffffff80013ce4 	/home/lars/src/psn00bsdk/psn00bsdk/libpsn00b/psxetc/isr.s:22
RestartCallback T ffffffff80013d60 	/home/lars/src/psn00bsdk/psn00bsdk/libpsn00b/psxetc/restartcallback.s:11
InterruptCallback T ffffffff80013df4 	/home/lars/src/psn00bsdk/psn00bsdk/libpsn00b/psxetc/interruptcallback.s:14
puts T ffffffff80013e50 	/home/lars/src/psn00bsdk/psn00bsdk/libpsn00b/psxapi/stdio/puts.s:7
printf T ffffffff80013e5c 	/home/lars/src/psn00bsdk/psn00bsdk/libpsn00b/psxapi/stdio/printf.s:7
_96_remove T ffffffff80013e68 	/home/lars/src/psn00bsdk/psn00bsdk/libpsn00b/psxapi/fs/_96_remove.s:7
ChangeClearPAD T ffffffff80013e74 	/home/lars/src/psn00bsdk/psn00bsdk/libpsn00b/psxapi/sys/changeclearpad.s:7
SetCustomExitFromException T ffffffff80013e80 	/home/lars/src/psn00bsdk/psn00bsdk/libpsn00b/psxapi/sys/setcustomexitfromexception.s:7
InitPAD T ffffffff80013e8c 	/home/lars/src/psn00bsdk/psn00bsdk/libpsn00b/psxapi/sys/initpad.s:7
ExitCriticalSection T ffffffff80013e98 	/home/lars/src/psn00bsdk/psn00bsdk/libpsn00b/psxapi/sys/exitcriticalsection.s:7
ChangeClearRCnt T ffffffff80013ea8 	/home/lars/src/psn00bsdk/psn00bsdk/libpsn00b/psxapi/sys/changeclearrcnt.s:7
EnterCriticalSection T ffffffff80013eb4 	/home/lars/src/psn00bsdk/psn00bsdk/libpsn00b/psxapi/sys/entercriticalsection.s:7
ReturnFromException T ffffffff80013ec4 	/home/lars/src/psn00bsdk/psn00bsdk/libpsn00b/psxapi/sys/returnfromexception.s:7
StartPAD T ffffffff80013ed0 	/home/lars/src/psn00bsdk/psn00bsdk/libpsn00b/psxapi/sys/startpad.s:7
_start T ffffffff80013edc 220	/home/lars/src/psn00bsdk/psn00bsdk/libpsn00b/libc/start.c:74
GetBSSend T ffffffff800140fc 	/home/lars/src/psn00bsdk/psn00bsdk/libpsn00b/libc/malloc.s:23
InitHeap W ffffffff8001410c 	/home/lars/src/psn00bsdk/psn00bsdk/libpsn00b/libc/malloc.s:36
SetHeapSize W ffffffff80014134 	/home/lars/src/psn00bsdk/psn00bsdk/libpsn00b/libc/malloc.s:53
malloc W ffffffff80014148 	/home/lars/src/psn00bsdk/psn00bsdk/libpsn00b/libc/malloc.s:66
calloc W ffffffff8001426c 	/home/lars/src/psn00bsdk/psn00bsdk/libpsn00b/libc/malloc.s:182
free W ffffffff800142a8 	/home/lars/src/psn00bsdk/psn00bsdk/libpsn00b/libc/malloc.s:213
memset T ffffffff800142e0 	/home/lars/src/psn00bsdk/psn00bsdk/libpsn00b/libc/memset.s:16
strncpy T ffffffff80014300 4c	/home/lars/src/psn00bsdk/psn00bsdk/libpsn00b/libc/string.c:36
strstr T ffffffff8001434c fc	/home/lars/src/psn00bsdk/psn00bsdk/libpsn00b/libc/string.c:121
strtok T ffffffff80014448 114	/home/lars/src/psn00bsdk/psn00bsdk/libpsn00b/libc/string.c:311
memcmp T ffffffff8001455c 	/home/lars/src/psn00bsdk/psn00bsdk/libpsn00b/libc/memcmp.s:16
__CTOR_LIST__ D ffffffff80014710 
__CTOR_END__ D ffffffff80014718 
__DTOR_LIST__ D ffffffff80014720 
cube_indices D ffffffff80014728 120
__DTOR_END__ D ffffffff80014728 
cube_positions D ffffffff80014848 c0
cube_colours D ffffffff80014908 36
numRows D ffffffff80014940 a
numSizs D ffffffff8001494c a
textSizs D ffffffff80014958 1c
textRows D ffffffff80014974 1c
textCols D ffffffff80014990 1c
gullerod_tri_counts D ffffffff800149ac 20
gullerod_vert_counts D ffffffff800149cc 20
gullerod_colrefs D ffffffff800149ec 20
gullerod_trirefs D ffffffff80014a0c 20
gullerod_frames_y D ffffffff80014a2c 20
gullerod_frames_x D ffffffff80014a4c 20
gullerod_colrefs_nede_0 D ffffffff80014a6c 72
gullerod_trirefs_nede_0 D ffffffff80014ae0 126
gullerod_verts_y_nede_0 D ffffffff80014c08 72
gullerod_verts_x_nede_0 D ffffffff80014c7c 72
gullerod_colrefs_block_0 D ffffffff80014cf0 72
gullerod_trirefs_block_0 D ffffffff80014d64 126
gullerod_verts_y_block_0 D ffffffff80014e8c 72
gullerod_verts_x_block_0 D ffffffff80014f00 72
gullerod_colrefs_slag_3 D ffffffff80014f74 72
gullerod_trirefs_slag_3 D ffffffff80014fe8 126
gullerod_verts_y_slag_3 D ffffffff80015110 72
gullerod_verts_x_slag_3 D ffffffff80015184 72
gullerod_colrefs_slag_2 D ffffffff800151f8 72
gullerod_trirefs_slag_2 D ffffffff8001526c 126
gullerod_verts_y_slag_2 D ffffffff80015394 72
gullerod_verts_x_slag_2 D ffffffff80015408 72
gullerod_colrefs_slag_1 D ffffffff8001547c 72
gullerod_trirefs_slag_1 D ffffffff800154f0 126
gullerod_verts_y_slag_1 D ffffffff80015618 72
gullerod_verts_x_slag_1 D ffffffff8001568c 72
gullerod_colrefs_slag_0 D ffffffff80015700 72
gullerod_trirefs_slag_0 D ffffffff80015774 126
gullerod_verts_y_slag_0 D ffffffff8001589c 72
gullerod_verts_x_slag_0 D ffffffff80015910 72
gullerod_colrefs_stille_0 D ffffffff80015984 72
gullerod_trirefs_stille_0 D ffffffff800159f8 126
gullerod_verts_y_stille_0 D ffffffff80015b20 72
gullerod_verts_x_stille_0 D ffffffff80015b94 72
nisse_tri_counts D ffffffff80015c08 20
nisse_vert_counts D ffffffff80015c28 20
nisse_colrefs D ffffffff80015c48 20
nisse_trirefs D ffffffff80015c68 20
nisse_frames_y D ffffffff80015c88 20
nisse_frames_x D ffffffff80015ca8 20
nisse_colrefs_nede_0 D ffffffff80015cc8 ff
nisse_trirefs_nede_0 D ffffffff80015dc8 2a3
nisse_verts_y_nede_0 D ffffffff8001606c ff
nisse_verts_x_nede_0 D ffffffff8001616c ff
nisse_colrefs_block_0 D ffffffff8001626c f9
nisse_trirefs_block_0 D ffffffff80016368 2eb
nisse_verts_y_block_0 D ffffffff80016654 f9
nisse_verts_x_block_0 D ffffffff80016750 f9
nisse_colrefs_slag_3 D ffffffff8001684c fd
nisse_trirefs_slag_3 D ffffffff8001694c 2f1
nisse_verts_y_slag_3 D ffffffff80016c40 fd
nisse_verts_x_slag_3 D ffffffff80016d40 fd
nisse_colrefs_slag_2 D ffffffff80016e40 fd
nisse_trirefs_slag_2 D ffffffff80016f40 2f1
nisse_verts_y_slag_2 D ffffffff80017234 fd
nisse_verts_x_slag_2 D ffffffff80017334 fd
nisse_colrefs_slag_1 D ffffffff80017434 fd
nisse_trirefs_slag_1 D ffffffff80017534 2f1
nisse_verts_y_slag_1 D ffffffff80017828 fd
nisse_verts_x_slag_1 D ffffffff80017928 fd
nisse_colrefs_slag_0 D ffffffff80017a28 fd
nisse_trirefs_slag_0 D ffffffff80017b28 2f1
nisse_verts_y_slag_0 D ffffffff80017e1c fd
nisse_verts_x_slag_0 D ffffffff80017f1c fd
nisse_colrefs_stille_0 D ffffffff8001801c fd
nisse_trirefs_stille_0 D ffffffff8001811c 2f1
nisse_verts_y_stille_0 D ffffffff80018410 fd
nisse_verts_x_stille_0 D ffffffff80018510 fd
nisse_2_blue D ffffffff80018610 d
nisse_2_green D ffffffff80018620 d
nisse_2_red D ffffffff80018630 d
nisse_blue D ffffffff80018640 d
nisse_green D ffffffff80018650 d
nisse_red D ffffffff80018660 d
player_red_red D ffffffff80018670 d
pseudoRandomState D ffffffff80018680 1c
world_position D ffffffff8001869c c
model_position_in_world D ffffffff800186a8 c
font_texture_tim_data D ffffffff800186b4 
translation_contents D ffffffff8001fef4 
_vsync_rcnt d ffffffff8002020c 
_vsync_lasthblank d ffffffff80020210 
vsynctimeout_msg d ffffffff80020214 
resetgraph_msg d ffffffff80020224 
enableint_msg d ffffffff80020242 
cbhooks_msg d ffffffff80020262 
abouttoen_msg d ffffffff80020287 
sr_msg d ffffffff800202ad 
psxgpu_credits D ffffffff800202bf 
_matrix_stack d ffffffff8002030c 
_irq_func_table D ffffffff8002032c 
_custom_exit D ffffffff8002035c 
gullerod_tri_count_stille_0 D ffffffff8002038c 4
gullerod_vert_count_stille_0 D ffffffff80020390 4
gullerod_2_blue D ffffffff80020394 7
gullerod_2_green D ffffffff8002039c 7
gullerod_2_red D ffffffff800203a4 7
gullerod_blue D ffffffff800203ac 7
gullerod_green D ffffffff800203b4 7
gullerod_red D ffffffff800203bc 7
nisse_tri_count_stille_0 D ffffffff800203c4 4
nisse_vert_count_stille_0 D ffffffff800203c8 4
show_text D ffffffff800203cc 4
current_language D ffffffff800203d0 4
player_scale_y D ffffffff800203d4 4
player_scale_x D ffffffff800203d8 4
amount_of_players D ffffffff800203dc 4
__bss_start D ffffffff800203e0 
triangle_was_pressed B ffffffff800203e0 1
square_was_pressed B ffffffff800203e1 1
circle_was_pressed B ffffffff800203e2 1
cross_was_pressed B ffffffff800203e3 1
right_was_pressed B ffffffff800203e4 1
left_was_pressed B ffffffff800203e5 1
up_was_pressed B ffffffff800203e6 1
down_was_pressed B ffffffff800203e7 1
start_was_pressed B ffffffff800203e8 1
select_was_pressed B ffffffff800203e9 1
previous_menu_selection B ffffffff800203ec 4
current_menu_selection B ffffffff800203f0 4
current_menu_options B ffffffff800203f4 4
won_last_fight B ffffffff800203f8 1
last_winner B ffffffff800203f9 1
unlocked_characters B ffffffff800203fc 4
current_screen_time B ffffffff80020400 4
next_prim B ffffffff80020404 4
button_filter B ffffffff80020408 2
current_frame B ffffffff8002040c 4
currentBuffer B ffffffff80020410 4
game_mode B ffffffff80020414 4
pseudoRandomStep B ffffffff80020418 2
world_rotation B ffffffff8002041c 8
model_rotation B ffffffff80020424 8
_gpu_current_field B ffffffff8002042c 4
_hooks_installed B ffffffff80020430 4
_vsync_cb_func B ffffffff80020434 4
_gpu_standard B ffffffff80020438 4
_malloc_addr B ffffffff8002043c 4
_malloc_size B ffffffff80020440 4
player_red_blue B ffffffff80020450 d
player_red_green B ffffffff80020460 d
menu_exit_fun B ffffffff80020470 10
menu_texts B ffffffff80020480 10
font_texture B ffffffff80020490 14
controller_buffers B ffffffff800204a4 44
player_2 B ffffffff800204e8 48
player_1 B ffffffff80020530 48
primBuff B ffffffff80020578 10000
_gp d ffffffff80028380 
orderingTables B ffffffff80030578 40000
drawenvs B ffffffff80070578 b8
dispenvs B ffffffff80070630 28
exit_from_mode B ffffffff80070658 30
scale_matrix B ffffffff80070688 20
test_matrix B ffffffff800706a8 20
_arg_string_buffer b ffffffff800706c8 84
_argv_buffer b ffffffff8007074c 40
__argv B ffffffff8007078c 4
__argc B ffffffff80070790 4
_strtok_endpos b ffffffff80070794 4
_strtok_curpos b ffffffff80070798 4
_isr_stack B ffffffff800707a0 1004
_end B ffffffff800717a4 
